MPLINK 5.09, LINKER
Linker Map File - Created Mon Mar 15 12:53:06 2021

                                 Section Info
                  Section       Type    Address   Location Size(Bytes)
                ---------  ---------  ---------  ---------  ---------
                 RES_VECT       code   0x000000    program   0x000002
                   .cinit    romdata   0x000001    program   0x000004
                MAIN_PROG       code   0x000003    program   0x0000be
.config_2007_BUILD/DEFAULT/PRODUCTION/EXAMEN3       code   0x002007    program   0x000002



                              Program Memory Usage 
                               Start         End      
                           ---------   ---------      
                            0x000000    0x000061      
                            0x002007    0x002007      
            99 out of 2182 program addresses used, program memory utilization is 4%



                              Symbols - Sorted by Name
                     Name    Address   Location    Storage File                     
                ---------  ---------  ---------  --------- ---------                
                    START   0x000003    program     static C:\Users\angel\OneDrive\Desktop\examen3.X\examen3.asm
          _MAIN_PROG_0013   0x000016    program     static C:\Users\angel\OneDrive\Desktop\examen3.X\examen3.asm
          _MAIN_PROG_001A   0x00001d    program     static C:\Users\angel\OneDrive\Desktop\examen3.X\examen3.asm
          _MAIN_PROG_005D   0x000060    program     static C:\Users\angel\OneDrive\Desktop\examen3.X\examen3.asm
                    aloop   0x000022    program     static C:\Users\angel\OneDrive\Desktop\examen3.X\examen3.asm
                    cloop   0x000029    program     static C:\Users\angel\OneDrive\Desktop\examen3.X\examen3.asm
                    dloop   0x00002c    program     static C:\Users\angel\OneDrive\Desktop\examen3.X\examen3.asm
                    iloop   0x00004a    program     static C:\Users\angel\OneDrive\Desktop\examen3.X\examen3.asm
                   inicio   0x00000b    program     static C:\Users\angel\OneDrive\Desktop\examen3.X\examen3.asm
                    jloop   0x000051    program     static C:\Users\angel\OneDrive\Desktop\examen3.X\examen3.asm
                    kloop   0x000057    program     static C:\Users\angel\OneDrive\Desktop\examen3.X\examen3.asm
                  tiempo1   0x000048    program     static C:\Users\angel\OneDrive\Desktop\examen3.X\examen3.asm
                  tiempo2   0x000033    program     static C:\Users\angel\OneDrive\Desktop\examen3.X\examen3.asm
                  tiempo3   0x000020    program     static C:\Users\angel\OneDrive\Desktop\examen3.X\examen3.asm
                    xloop   0x000037    program     static C:\Users\angel\OneDrive\Desktop\examen3.X\examen3.asm
                    yloop   0x00003e    program     static C:\Users\angel\OneDrive\Desktop\examen3.X\examen3.asm
                    zloop   0x000041    program     static C:\Users\angel\OneDrive\Desktop\examen3.X\examen3.asm



                              Symbols - Sorted by Address
                     Name    Address   Location    Storage File                     
                ---------  ---------  ---------  --------- ---------                
                    START   0x000003    program     static C:\Users\angel\OneDrive\Desktop\examen3.X\examen3.asm
                   inicio   0x00000b    program     static C:\Users\angel\OneDrive\Desktop\examen3.X\examen3.asm
          _MAIN_PROG_0013   0x000016    program     static C:\Users\angel\OneDrive\Desktop\examen3.X\examen3.asm
          _MAIN_PROG_001A   0x00001d    program     static C:\Users\angel\OneDrive\Desktop\examen3.X\examen3.asm
                  tiempo3   0x000020    program     static C:\Users\angel\OneDrive\Desktop\examen3.X\examen3.asm
                    aloop   0x000022    program     static C:\Users\angel\OneDrive\Desktop\examen3.X\examen3.asm
                    cloop   0x000029    program     static C:\Users\angel\OneDrive\Desktop\examen3.X\examen3.asm
                    dloop   0x00002c    program     static C:\Users\angel\OneDrive\Desktop\examen3.X\examen3.asm
                  tiempo2   0x000033    program     static C:\Users\angel\OneDrive\Desktop\examen3.X\examen3.asm
                    xloop   0x000037    program     static C:\Users\angel\OneDrive\Desktop\examen3.X\examen3.asm
                    yloop   0x00003e    program     static C:\Users\angel\OneDrive\Desktop\examen3.X\examen3.asm
                    zloop   0x000041    program     static C:\Users\angel\OneDrive\Desktop\examen3.X\examen3.asm
                  tiempo1   0x000048    program     static C:\Users\angel\OneDrive\Desktop\examen3.X\examen3.asm
                    iloop   0x00004a    program     static C:\Users\angel\OneDrive\Desktop\examen3.X\examen3.asm
                    jloop   0x000051    program     static C:\Users\angel\OneDrive\Desktop\examen3.X\examen3.asm
                    kloop   0x000057    program     static C:\Users\angel\OneDrive\Desktop\examen3.X\examen3.asm
          _MAIN_PROG_005D   0x000060    program     static C:\Users\angel\OneDrive\Desktop\examen3.X\examen3.asm


